%!Adobe-FontList 1.25
%Locale:0x809

%BeginFont
Handler:DirectoryHandler
FontType:Type1
FontName:Gotham-Bold
FamilyName:Gotham
StyleName:Bold
FullName:Gotham-Bold
MenuName:Gotham
StyleBits:2
WritingScript:Roman
OutlineFileName:C:\Users\gazza\Documents\HEAD\2026.02 - AI_family\head-md-AI-family\Presentations\260223_HEAD-MD1_AI-in-Family_Name-Surname_Project-Name Folder\Document fonts\gotham-bold-opentype.otf
DataFormat:sfntData
UsesStandardEncoding:yes
isCFF:yes
hasSVG:no
hasCOLR:no
VariableFontType:NonVariableFont
FileLength:30012
FileModTime:1772727190
WeightClass:700
WidthClass:5
AngleClass:0
NameArray:0,Mac,4,Gotham-Bold
NameArray:0,Win,1,Gotham
%EndFont

%BeginFont
Handler:DirectoryHandler
FontType:Type1
FontName:Gotham-Book
FamilyName:Gotham Book
StyleName:Regular
FullName:Gotham-Book
MenuName:Gotham Book
StyleBits:0
WritingScript:Roman
OutlineFileName:C:\Users\gazza\Documents\HEAD\2026.02 - AI_family\head-md-AI-family\Presentations\260223_HEAD-MD1_AI-in-Family_Name-Surname_Project-Name Folder\Document fonts\gotham-book-opentype.otf
DataFormat:sfntData
UsesStandardEncoding:yes
isCFF:yes
hasSVG:no
hasCOLR:no
VariableFontType:NonVariableFont
FileLength:29500
FileModTime:1772727190
WeightClass:500
WidthClass:5
AngleClass:0
NameArray:0,Mac,4,Gotham-Book
NameArray:0,Win,1,Gotham Book
%EndFont

